BBMTLog: Publishing ready event for session 38cde21e0e4d4fab40c0d50fd3ee00a5757c28a5e1fae15a3d0830d671a5a8b3, npub npub1rv8rwtcg43l4wg90ryxhs0d2ltjm58rsv52fat4yw5gz479qlrfs2r845w, expecting peers: [npub14nu9h33psxqgt7qdm56mxkwlds460p6nc6pqthv748czn44khecqpf67cz npub122tvrhkgv6fmscss0sv70ce5x6uy9wgv0s478q2jrtn4m4pl78rs3pvf0f]
BBMTLog: Client.Publish - event kind=30301, tags=[[t 38cde21e0e4d4fab40c0d50fd3ee00a5757c28a5e1fae15a3d0830d671a5a8b3] [phase ready]], nsec prefix=nsec1sfvh9..., localNpub=npub1rv8rwtcg43l4wg90ryxhs0d2ltjm58rsv52fat4yw5gz479qlrfs2r845w
BBMTLog: Client.Publish - signed event, PubKey (hex)=1b0e372f08ac7f5720af190d783daafae5ba1c7065149eaea475102af8a0f8d3, tags=[[t 38cde21e0e4d4fab40c0d50fd3ee00a5757c28a5e1fae15a3d0830d671a5a8b3] [phase ready]]
BBMTLog: Client.Publish - relay wss://nostr.xxi.quest success (1/3 succeeded)
BBMTLog: Client.Publish - relay wss://nostr.hifish.org success (2/3 succeeded)
BBMTLog: Client.Publish - relay wss://bbw-nostr.xyz success (3/3 succeeded)
BBMTLog: Client.Publish - all 3 relays succeeded
BBMTLog: Ready event published successfully with tag t=38cde21e0e4d4fab40c0d50fd3ee00a5757c28a5e1fae15a3d0830d671a5a8b3
BBMTLog: Successfully decoded npub npub14nu9h33psxqgt7qdm56mxkwld -> hex acf85bc621818085f80d...
BBMTLog: Successfully decoded npub npub122tvrhkgv6fmscss0sv70ce5x -> hex 5296c1dec86693b86210...
BBMTLog: Converted npub npub122tvrhkgv6fmscs... -> hex 5296c1dec86693b86210...
BBMTLog: Converted npub npub14nu9h33psxqgt7q... -> hex acf85bc621818085f80d...
BBMTLog: AwaitPeers - SessionID: 38cde21e0e4d4fab40c0d50fd3ee00a5757c28a5e1fae15a3d0830d671a5a8b3, LocalNpub: npub1rv8rwtcg43l4wg90ryxhs0d2ltjm58rsv52fat4yw5gz479qlrfs2r845w, Expected peers (npub): [npub14nu9h33psxqgt7qdm56mxkwlds460p6nc6pqthv748czn44khecqpf67cz npub122tvrhkgv6fmscss0sv70ce5x6uy9wgv0s478q2jrtn4m4pl78rs3pvf0f], Authors (hex): [5296c1dec86693b862107c19e7e33436b842b90c7c2be381521ae75dd43ff1c7 acf85bc621818085f80ddd35b359df6c2ba78753c68205dd9ea9f029d6b6be70]
BBMTLog: Querying for existing ready events for session 38cde21e0e4d4fab40c0d50fd3ee00a5757c28a5e1fae15a3d0830d671a5a8b3 (from last 1 minute)
BBMTLog: Query on relay wss://nostr.hifish.org returned 1 events for session 38cde21e0e4d4fab40c0d50fd3ee00a5757c28a5e1fae15a3d0830d671a5a8b3
BBMTLog: Found existing ready event from npub14nu9h33psxqgt7qdm56mxkwlds460p6nc6pqthv748czn44khecqpf67cz (hex: acf85bc621818085f80ddd35b359df6c2ba78753c68205dd9ea9f029d6b6be70)
BBMTLog: Query on relay wss://nostr.xxi.quest returned 1 events for session 38cde21e0e4d4fab40c0d50fd3ee00a5757c28a5e1fae15a3d0830d671a5a8b3
BBMTLog: Found existing ready event from npub14nu9h33psxqgt7qdm56mxkwlds460p6nc6pqthv748czn44khecqpf67cz (hex: acf85bc621818085f80ddd35b359df6c2ba78753c68205dd9ea9f029d6b6be70)
BBMTLog: Query on relay wss://bbw-nostr.xyz returned 1 events for session 38cde21e0e4d4fab40c0d50fd3ee00a5757c28a5e1fae15a3d0830d671a5a8b3
BBMTLog: Found existing ready event from npub14nu9h33psxqgt7qdm56mxkwlds460p6nc6pqthv748czn44khecqpf67cz (hex: acf85bc621818085f80ddd35b359df6c2ba78753c68205dd9ea9f029d6b6be70)
BBMTLog: Initial query completed, found 1 peers
BBMTLog: Starting subscription for ready events for session 38cde21e0e4d4fab40c0d50fd3ee00a5757c28a5e1fae15a3d0830d671a5a8b3
BBMTLog: Awaiting 2 peers for session 38cde21e0e4d4fab40c0d50fd3ee00a5757c28a5e1fae15a3d0830d671a5a8b3 (already seen: 1)
BBMTLog: Client.Subscribe - WARNING: No relays connected after 5 seconds (all 3 relays may have failed)
BBMTLog: Client.Subscribe - relay wss://nostr.xxi.quest connected (1/3)
BBMTLog: Received ready event from npub14nu9h33psxqgt7qdm56mxkwlds460p6nc6pqthv748czn44khecqpf67cz (hex: acf85bc621818085f80ddd35b359df6c2ba78753c68205dd9ea9f029d6b6be70)
BBMTLog: Still waiting... (seen: 1/2)
BBMTLog: Still waiting... (seen: 1/2)
BBMTLog: Still waiting... (seen: 1/2)
BBMTLog: AwaitPeers timed out (seen: 1/2)
Error: await peers: waiting for peers timed out: context deadline exceeded
exit status 1
